// Jest Snapshot v1, https://goo.gl/fbAQLP

exports[`createTurnOrderCardList() test 1 1`] = `
Object {
  "availableEntities": Array [],
  "result": Array [
    Object {
      "id": "nemesis-2",
      "name": "Nemesis",
      "type": "nemesis",
    },
    Object {
      "id": "player1-2",
      "name": "Player 1",
      "type": "player1",
    },
    Object {
      "id": "nemesis-1",
      "name": "Nemesis",
      "type": "nemesis",
    },
    Object {
      "id": "player1-1",
      "name": "Player 1",
      "type": "player1",
    },
    Object {
      "id": "player1-3",
      "name": "Player 1",
      "type": "player1",
    },
  ],
  "seed": Object {
    "seed": "test",
    "state": Object {
      "S": Array [
        92,
        55,
        235,
        213,
        126,
        59,
        37,
        65,
        117,
        41,
        205,
        7,
        51,
        174,
        214,
        0,
        171,
        155,
        139,
        1,
        196,
        125,
        138,
        225,
        223,
        97,
        147,
        203,
        109,
        102,
        190,
        246,
        173,
        81,
        152,
        250,
        79,
        192,
        53,
        154,
        49,
        218,
        164,
        40,
        35,
        224,
        101,
        242,
        186,
        12,
        248,
        200,
        252,
        142,
        160,
        111,
        249,
        17,
        91,
        88,
        130,
        232,
        96,
        140,
        66,
        54,
        69,
        76,
        75,
        222,
        188,
        149,
        34,
        177,
        184,
        191,
        9,
        178,
        238,
        68,
        217,
        187,
        131,
        189,
        185,
        234,
        194,
        143,
        28,
        121,
        167,
        150,
        100,
        255,
        64,
        106,
        86,
        38,
        204,
        123,
        215,
        170,
        114,
        87,
        195,
        115,
        183,
        19,
        31,
        95,
        193,
        62,
        85,
        105,
        60,
        241,
        180,
        156,
        159,
        208,
        210,
        15,
        244,
        89,
        163,
        108,
        237,
        116,
        3,
        13,
        30,
        129,
        136,
        176,
        112,
        70,
        46,
        61,
        239,
        198,
        165,
        110,
        209,
        230,
        94,
        221,
        107,
        228,
        5,
        207,
        226,
        206,
        63,
        50,
        20,
        52,
        122,
        201,
        145,
        157,
        48,
        148,
        219,
        236,
        181,
        104,
        128,
        254,
        135,
        2,
        43,
        82,
        16,
        166,
        212,
        18,
        134,
        146,
        29,
        168,
        10,
        83,
        151,
        78,
        119,
        93,
        67,
        77,
        133,
        227,
        118,
        197,
        132,
        45,
        175,
        216,
        153,
        26,
        211,
        161,
        144,
        58,
        243,
        23,
        245,
        4,
        74,
        27,
        251,
        24,
        253,
        11,
        80,
        14,
        21,
        162,
        137,
        231,
        240,
        57,
        179,
        71,
        33,
        120,
        124,
        8,
        98,
        32,
        72,
        169,
        247,
        22,
        229,
        25,
        127,
        42,
        233,
        99,
        36,
        73,
        172,
        141,
        182,
        6,
        39,
        56,
        202,
        47,
        90,
        199,
        158,
        220,
        103,
        113,
        44,
        84,
      ],
      "i": 35,
      "j": 166,
    },
  },
}
`;

exports[`createTurnOrderCardList() test 2 1`] = `
Object {
  "availableEntities": Array [],
  "result": Array [
    Object {
      "id": "nemesis-2",
      "name": "Nemesis",
      "type": "nemesis",
    },
    Object {
      "id": "player1-2",
      "name": "Player 1",
      "type": "player1",
    },
    Object {
      "id": "nemesis-1",
      "name": "Nemesis",
      "type": "nemesis",
    },
    Object {
      "id": "player1-1",
      "name": "Player 1",
      "type": "player1",
    },
    Object {
      "id": "player1-3",
      "name": "Player 1",
      "type": "player1",
    },
  ],
  "seed": Object {
    "seed": "test",
    "state": Object {
      "S": Array [
        92,
        55,
        235,
        213,
        126,
        59,
        37,
        65,
        117,
        41,
        205,
        7,
        51,
        174,
        214,
        0,
        171,
        155,
        139,
        1,
        196,
        125,
        138,
        225,
        223,
        97,
        147,
        203,
        109,
        102,
        190,
        246,
        173,
        81,
        152,
        250,
        79,
        192,
        53,
        154,
        49,
        218,
        164,
        40,
        35,
        224,
        101,
        242,
        186,
        12,
        248,
        200,
        252,
        142,
        160,
        111,
        249,
        17,
        91,
        88,
        130,
        232,
        96,
        140,
        66,
        54,
        69,
        76,
        75,
        222,
        188,
        149,
        34,
        177,
        184,
        191,
        9,
        178,
        238,
        68,
        217,
        187,
        131,
        189,
        185,
        234,
        194,
        143,
        28,
        121,
        167,
        150,
        100,
        255,
        64,
        106,
        86,
        38,
        204,
        123,
        215,
        170,
        114,
        87,
        195,
        115,
        183,
        19,
        31,
        95,
        193,
        62,
        85,
        105,
        60,
        241,
        180,
        156,
        159,
        208,
        210,
        15,
        244,
        89,
        163,
        108,
        237,
        116,
        3,
        13,
        30,
        129,
        136,
        176,
        112,
        70,
        46,
        61,
        239,
        198,
        165,
        110,
        209,
        230,
        94,
        221,
        107,
        228,
        5,
        207,
        226,
        206,
        63,
        50,
        20,
        52,
        122,
        201,
        145,
        157,
        48,
        148,
        219,
        236,
        181,
        104,
        128,
        254,
        135,
        2,
        43,
        82,
        16,
        166,
        212,
        18,
        134,
        146,
        29,
        168,
        10,
        83,
        151,
        78,
        119,
        93,
        67,
        77,
        133,
        227,
        118,
        197,
        132,
        45,
        175,
        216,
        153,
        26,
        211,
        161,
        144,
        58,
        243,
        23,
        245,
        4,
        74,
        27,
        251,
        24,
        253,
        11,
        80,
        14,
        21,
        162,
        137,
        231,
        240,
        57,
        179,
        71,
        33,
        120,
        124,
        8,
        98,
        32,
        72,
        169,
        247,
        22,
        229,
        25,
        127,
        42,
        233,
        99,
        36,
        73,
        172,
        141,
        182,
        6,
        39,
        56,
        202,
        47,
        90,
        199,
        158,
        220,
        103,
        113,
        44,
        84,
      ],
      "i": 35,
      "j": 166,
    },
  },
}
`;
